[1.207s] Invoking command in '/rvs_ws/build/my_package': PYTHONPATH=/rvs_ws/build/my_package/prefix_override:/usr/lib/python3/dist-packages/colcon_core/task/python/colcon_distutils_commands:/rvs_ws/install/my_package/lib/python3.10/site-packages:${PYTHONPATH} /usr/bin/python3 -W ignore:setup.py install is deprecated -W ignore:easy_install command is deprecated setup.py develop --editable --build-directory /rvs_ws/build/my_package/build --no-deps symlink_data
[1.527s] running develop
[1.666s] running egg_info
[1.666s] creating my_package.egg-info
[1.667s] writing my_package.egg-info/PKG-INFO
[1.667s] writing dependency_links to my_package.egg-info/dependency_links.txt
[1.667s] writing entry points to my_package.egg-info/entry_points.txt
[1.667s] writing requirements to my_package.egg-info/requires.txt
[1.667s] writing top-level names to my_package.egg-info/top_level.txt
[1.667s] writing manifest file 'my_package.egg-info/SOURCES.txt'
[1.669s] reading manifest file 'my_package.egg-info/SOURCES.txt'
[1.670s] writing manifest file 'my_package.egg-info/SOURCES.txt'
[1.672s] running build_ext
[1.672s] Creating /rvs_ws/install/my_package/lib/python3.10/site-packages/my-package.egg-link (link to .)
[1.674s] Installing my_node script to /rvs_ws/install/my_package/lib/my_package
[1.674s] 
[1.674s] Installed /rvs_ws/build/my_package
[1.674s] running symlink_data
[1.674s] creating /rvs_ws/install/my_package/share/ament_index
[1.674s] creating /rvs_ws/install/my_package/share/ament_index/resource_index
[1.674s] creating /rvs_ws/install/my_package/share/ament_index/resource_index/packages
[1.674s] symbolically linking /rvs_ws/build/my_package/resource/my_package -> /rvs_ws/install/my_package/share/ament_index/resource_index/packages
[1.674s] symbolically linking /rvs_ws/build/my_package/package.xml -> /rvs_ws/install/my_package/share/my_package
[1.726s] Invoked command in '/rvs_ws/build/my_package' returned '0': PYTHONPATH=/rvs_ws/build/my_package/prefix_override:/usr/lib/python3/dist-packages/colcon_core/task/python/colcon_distutils_commands:/rvs_ws/install/my_package/lib/python3.10/site-packages:${PYTHONPATH} /usr/bin/python3 -W ignore:setup.py install is deprecated -W ignore:easy_install command is deprecated setup.py develop --editable --build-directory /rvs_ws/build/my_package/build --no-deps symlink_data
