-- The C compiler identification is GNU 11.4.0
-- The CXX compiler identification is GNU 11.4.0
-- Detecting C compiler ABI info
-- Detecting C compiler ABI info - done
-- Check for working C compiler: /usr/bin/cc - skipped
-- Detecting C compile features
-- Detecting C compile features - done
-- Detecting CXX compiler ABI info
-- Detecting CXX compiler ABI info - done
-- Check for working CXX compiler: /usr/bin/c++ - skipped
-- Detecting CXX compile features
-- Detecting CXX compile features - done
-- Found ament_cmake: 1.3.12 (/opt/ros/humble/share/ament_cmake/cmake)
-- Found Python3: /usr/bin/python3 (found version "3.10.12") found components: Interpreter 
-- Override CMake install command with custom implementation using symlinks instead of copying resources
-- Found rosidl_default_generators: 1.2.0 (/opt/ros/humble/share/rosidl_default_generators/cmake)
-- Using all available rosidl_typesupport_c: rosidl_typesupport_fastrtps_c;rosidl_typesupport_introspection_c
-- Found rosidl_adapter: 3.1.7 (/opt/ros/humble/share/rosidl_adapter/cmake)
-- Using all available rosidl_typesupport_cpp: rosidl_typesupport_fastrtps_cpp;rosidl_typesupport_introspection_cpp
-- Found builtin_interfaces: 1.2.2 (/opt/ros/humble/share/builtin_interfaces/cmake)
-- Found geometry_msgs: 4.9.0 (/opt/ros/humble/share/geometry_msgs/cmake)
-- Found ament_cmake_ros: 0.10.0 (/opt/ros/humble/share/ament_cmake_ros/cmake)
-- Using all available rosidl_typesupport_c: rosidl_typesupport_fastrtps_c;rosidl_typesupport_introspection_c
-- Using all available rosidl_typesupport_cpp: rosidl_typesupport_fastrtps_cpp;rosidl_typesupport_introspection_cpp
-- Found PythonInterp: /usr/bin/python3 (found suitable version "3.10.12", minimum required is "3.6") 
-- Found python_cmake_module: 0.10.0 (/opt/ros/humble/share/python_cmake_module/cmake)
-- Found PythonLibs: /usr/lib/x86_64-linux-gnu/libpython3.10.so (found suitable version "3.10.12", minimum required is "3.5") 
-- Using PYTHON_EXECUTABLE: /usr/bin/python3
-- Using PYTHON_INCLUDE_DIRS: /usr/include/python3.10
-- Using PYTHON_LIBRARIES: /usr/lib/x86_64-linux-gnu/libpython3.10.so
-- Found PythonExtra: .so  
-- Found ament_lint_auto: 0.12.14 (/opt/ros/humble/share/ament_lint_auto/cmake)
-- Added test 'copyright' to check source files copyright and LICENSE
-- Added test 'lint_cmake' to check CMake code style
-- Added test 'xmllint' to check XML markup files
-- Configuring done
-- Generating done
-- Build files have been written to: /rvs_ws/build/robotvisionsystem_msgs
[  2%] [34m[1mGenerating C code for ROS interfaces[0m
[  4%] [34m[1mGenerating C++ code for ROS interfaces[0m
[  4%] Built target ament_cmake_python_symlink_robotvisionsystem_msgs
running egg_info
creating robotvisionsystem_msgs.egg-info
writing robotvisionsystem_msgs.egg-info/PKG-INFO
writing dependency_links to robotvisionsystem_msgs.egg-info/dependency_links.txt
writing top-level names to robotvisionsystem_msgs.egg-info/top_level.txt
writing manifest file 'robotvisionsystem_msgs.egg-info/SOURCES.txt'
reading manifest file 'robotvisionsystem_msgs.egg-info/SOURCES.txt'
writing manifest file 'robotvisionsystem_msgs.egg-info/SOURCES.txt'
[  4%] Built target ament_cmake_python_build_robotvisionsystem_msgs_egg
[  6%] [32mBuilding C object CMakeFiles/robotvisionsystem_msgs__rosidl_generator_c.dir/rosidl_generator_c/robotvisionsystem_msgs/msg/detail/motor__functions.c.o[0m
[ 10%] [32mBuilding C object CMakeFiles/robotvisionsystem_msgs__rosidl_generator_c.dir/rosidl_generator_c/robotvisionsystem_msgs/msg/detail/ray__functions.c.o[0m
[ 10%] [32mBuilding C object CMakeFiles/robotvisionsystem_msgs__rosidl_generator_c.dir/rosidl_generator_c/robotvisionsystem_msgs/msg/detail/state__functions.c.o[0m
[ 10%] Built target robotvisionsystem_msgs__cpp
[ 12%] [34m[1mGenerating C++ type support for eProsima Fast-RTPS[0m
[ 14%] [34m[1mGenerating C++ type support dispatch for ROS interfaces[0m
[ 17%] [34m[1mGenerating C++ introspection for ROS interfaces[0m
[ 19%] [32m[1mLinking C shared library librobotvisionsystem_msgs__rosidl_generator_c.so[0m
[ 19%] Built target robotvisionsystem_msgs__rosidl_generator_c
[ 21%] [34m[1mGenerating C introspection for ROS interfaces[0m
[ 25%] [34m[1mGenerating C type support for eProsima Fast-RTPS[0m
[ 25%] [34m[1mGenerating C type support dispatch for ROS interfaces[0m
[ 29%] [32mBuilding CXX object CMakeFiles/robotvisionsystem_msgs__rosidl_typesupport_cpp.dir/rosidl_typesupport_cpp/robotvisionsystem_msgs/msg/motor__type_support.cpp.o[0m
[ 29%] [32mBuilding CXX object CMakeFiles/robotvisionsystem_msgs__rosidl_typesupport_cpp.dir/rosidl_typesupport_cpp/robotvisionsystem_msgs/msg/ray__type_support.cpp.o[0m
[ 31%] [32mBuilding CXX object CMakeFiles/robotvisionsystem_msgs__rosidl_typesupport_cpp.dir/rosidl_typesupport_cpp/robotvisionsystem_msgs/msg/state__type_support.cpp.o[0m
[ 34%] [32mBuilding CXX object CMakeFiles/robotvisionsystem_msgs__rosidl_typesupport_introspection_cpp.dir/rosidl_typesupport_introspection_cpp/robotvisionsystem_msgs/msg/detail/state__type_support.cpp.o[0m
[ 36%] [32mBuilding CXX object CMakeFiles/robotvisionsystem_msgs__rosidl_typesupport_introspection_cpp.dir/rosidl_typesupport_introspection_cpp/robotvisionsystem_msgs/msg/detail/ray__type_support.cpp.o[0m
[ 38%] [32mBuilding CXX object CMakeFiles/robotvisionsystem_msgs__rosidl_typesupport_introspection_cpp.dir/rosidl_typesupport_introspection_cpp/robotvisionsystem_msgs/msg/detail/motor__type_support.cpp.o[0m
[ 40%] [32mBuilding CXX object CMakeFiles/robotvisionsystem_msgs__rosidl_typesupport_fastrtps_cpp.dir/rosidl_typesupport_fastrtps_cpp/robotvisionsystem_msgs/msg/detail/dds_fastrtps/motor__type_support.cpp.o[0m
[ 44%] [32mBuilding CXX object CMakeFiles/robotvisionsystem_msgs__rosidl_typesupport_fastrtps_cpp.dir/rosidl_typesupport_fastrtps_cpp/robotvisionsystem_msgs/msg/detail/dds_fastrtps/ray__type_support.cpp.o[0m
[ 44%] [32mBuilding CXX object CMakeFiles/robotvisionsystem_msgs__rosidl_typesupport_fastrtps_cpp.dir/rosidl_typesupport_fastrtps_cpp/robotvisionsystem_msgs/msg/detail/dds_fastrtps/state__type_support.cpp.o[0m
[ 46%] [32mBuilding CXX object CMakeFiles/robotvisionsystem_msgs__rosidl_typesupport_c.dir/rosidl_typesupport_c/robotvisionsystem_msgs/msg/motor__type_support.cpp.o[0m
[ 48%] [32mBuilding CXX object CMakeFiles/robotvisionsystem_msgs__rosidl_typesupport_c.dir/rosidl_typesupport_c/robotvisionsystem_msgs/msg/ray__type_support.cpp.o[0m
[ 51%] [32mBuilding CXX object CMakeFiles/robotvisionsystem_msgs__rosidl_typesupport_c.dir/rosidl_typesupport_c/robotvisionsystem_msgs/msg/state__type_support.cpp.o[0m
[ 53%] [32m[1mLinking CXX shared library librobotvisionsystem_msgs__rosidl_typesupport_c.so[0m
[ 57%] [32mBuilding C object CMakeFiles/robotvisionsystem_msgs__rosidl_typesupport_introspection_c.dir/rosidl_typesupport_introspection_c/robotvisionsystem_msgs/msg/detail/ray__type_support.c.o[0m
[ 57%] [32mBuilding C object CMakeFiles/robotvisionsystem_msgs__rosidl_typesupport_introspection_c.dir/rosidl_typesupport_introspection_c/robotvisionsystem_msgs/msg/detail/motor__type_support.c.o[0m
[ 59%] [32mBuilding C object CMakeFiles/robotvisionsystem_msgs__rosidl_typesupport_introspection_c.dir/rosidl_typesupport_introspection_c/robotvisionsystem_msgs/msg/detail/state__type_support.c.o[0m
[ 59%] Built target robotvisionsystem_msgs__rosidl_typesupport_c
[ 63%] [32mBuilding CXX object CMakeFiles/robotvisionsystem_msgs__rosidl_typesupport_fastrtps_c.dir/rosidl_typesupport_fastrtps_c/robotvisionsystem_msgs/msg/detail/ray__type_support_c.cpp.o[0m
[ 63%] [32mBuilding CXX object CMakeFiles/robotvisionsystem_msgs__rosidl_typesupport_fastrtps_c.dir/rosidl_typesupport_fastrtps_c/robotvisionsystem_msgs/msg/detail/motor__type_support_c.cpp.o[0m
[ 65%] [32mBuilding CXX object CMakeFiles/robotvisionsystem_msgs__rosidl_typesupport_fastrtps_c.dir/rosidl_typesupport_fastrtps_c/robotvisionsystem_msgs/msg/detail/state__type_support_c.cpp.o[0m
[ 68%] [32m[1mLinking C shared library librobotvisionsystem_msgs__rosidl_typesupport_introspection_c.so[0m
[ 68%] Built target robotvisionsystem_msgs__rosidl_typesupport_introspection_c
[ 70%] [32m[1mLinking CXX shared library librobotvisionsystem_msgs__rosidl_typesupport_cpp.so[0m
[ 70%] Built target robotvisionsystem_msgs__rosidl_typesupport_cpp
[ 74%] [32m[1mLinking CXX shared library librobotvisionsystem_msgs__rosidl_typesupport_introspection_cpp.so[0m
[ 74%] [32m[1mLinking CXX shared library librobotvisionsystem_msgs__rosidl_typesupport_fastrtps_c.so[0m
[ 76%] [32m[1mLinking CXX shared library librobotvisionsystem_msgs__rosidl_typesupport_fastrtps_cpp.so[0m
[ 76%] Built target robotvisionsystem_msgs__rosidl_typesupport_introspection_cpp
[ 76%] Built target robotvisionsystem_msgs__rosidl_typesupport_fastrtps_c
[ 76%] Built target robotvisionsystem_msgs__rosidl_typesupport_fastrtps_cpp
[ 76%] Built target robotvisionsystem_msgs
[ 78%] [34m[1mGenerating Python code for ROS interfaces[0m
[ 78%] Built target robotvisionsystem_msgs__py
[ 82%] [32mBuilding C object CMakeFiles/robotvisionsystem_msgs__rosidl_generator_py.dir/rosidl_generator_py/robotvisionsystem_msgs/msg/_ray_s.c.o[0m
[ 82%] [32mBuilding C object CMakeFiles/robotvisionsystem_msgs__rosidl_generator_py.dir/rosidl_generator_py/robotvisionsystem_msgs/msg/_state_s.c.o[0m
[ 85%] [32mBuilding C object CMakeFiles/robotvisionsystem_msgs__rosidl_generator_py.dir/rosidl_generator_py/robotvisionsystem_msgs/msg/_motor_s.c.o[0m
[ 87%] [32m[1mLinking C shared library rosidl_generator_py/robotvisionsystem_msgs/librobotvisionsystem_msgs__rosidl_generator_py.so[0m
[ 87%] Built target robotvisionsystem_msgs__rosidl_generator_py
[ 91%] [32mBuilding C object CMakeFiles/robotvisionsystem_msgs__rosidl_typesupport_fastrtps_c__pyext.dir/rosidl_generator_py/robotvisionsystem_msgs/_robotvisionsystem_msgs_s.ep.rosidl_typesupport_fastrtps_c.c.o[0m
[ 91%] [32mBuilding C object CMakeFiles/robotvisionsystem_msgs__rosidl_typesupport_c__pyext.dir/rosidl_generator_py/robotvisionsystem_msgs/_robotvisionsystem_msgs_s.ep.rosidl_typesupport_c.c.o[0m
[ 93%] [32mBuilding C object CMakeFiles/robotvisionsystem_msgs__rosidl_typesupport_introspection_c__pyext.dir/rosidl_generator_py/robotvisionsystem_msgs/_robotvisionsystem_msgs_s.ep.rosidl_typesupport_introspection_c.c.o[0m
[ 95%] [32m[1mLinking C shared library rosidl_generator_py/robotvisionsystem_msgs/robotvisionsystem_msgs_s__rosidl_typesupport_c.cpython-310-x86_64-linux-gnu.so[0m
[ 97%] [32m[1mLinking C shared library rosidl_generator_py/robotvisionsystem_msgs/robotvisionsystem_msgs_s__rosidl_typesupport_introspection_c.cpython-310-x86_64-linux-gnu.so[0m
[100%] [32m[1mLinking C shared library rosidl_generator_py/robotvisionsystem_msgs/robotvisionsystem_msgs_s__rosidl_typesupport_fastrtps_c.cpython-310-x86_64-linux-gnu.so[0m
[100%] Built target robotvisionsystem_msgs__rosidl_typesupport_c__pyext
[100%] Built target robotvisionsystem_msgs__rosidl_typesupport_introspection_c__pyext
[100%] Built target robotvisionsystem_msgs__rosidl_typesupport_fastrtps_c__pyext
-- Install configuration: ""
-- Execute custom install script
-- Symlinking: /rvs_ws/install/robotvisionsystem_msgs/share/ament_index/resource_index/rosidl_interfaces/robotvisionsystem_msgs
-- Symlinking: /rvs_ws/install/robotvisionsystem_msgs/include/robotvisionsystem_msgs/robotvisionsystem_msgs/msg/detail/motor__functions.h
-- Symlinking: /rvs_ws/install/robotvisionsystem_msgs/include/robotvisionsystem_msgs/robotvisionsystem_msgs/msg/detail/motor__struct.h
-- Symlinking: /rvs_ws/install/robotvisionsystem_msgs/include/robotvisionsystem_msgs/robotvisionsystem_msgs/msg/detail/motor__type_support.h
-- Symlinking: /rvs_ws/install/robotvisionsystem_msgs/include/robotvisionsystem_msgs/robotvisionsystem_msgs/msg/detail/ray__functions.h
-- Symlinking: /rvs_ws/install/robotvisionsystem_msgs/include/robotvisionsystem_msgs/robotvisionsystem_msgs/msg/detail/ray__struct.h
-- Symlinking: /rvs_ws/install/robotvisionsystem_msgs/include/robotvisionsystem_msgs/robotvisionsystem_msgs/msg/detail/ray__type_support.h
-- Symlinking: /rvs_ws/install/robotvisionsystem_msgs/include/robotvisionsystem_msgs/robotvisionsystem_msgs/msg/detail/state__functions.h
-- Symlinking: /rvs_ws/install/robotvisionsystem_msgs/include/robotvisionsystem_msgs/robotvisionsystem_msgs/msg/detail/state__struct.h
-- Symlinking: /rvs_ws/install/robotvisionsystem_msgs/include/robotvisionsystem_msgs/robotvisionsystem_msgs/msg/detail/state__type_support.h
-- Symlinking: /rvs_ws/install/robotvisionsystem_msgs/include/robotvisionsystem_msgs/robotvisionsystem_msgs/msg/motor.h
-- Symlinking: /rvs_ws/install/robotvisionsystem_msgs/include/robotvisionsystem_msgs/robotvisionsystem_msgs/msg/ray.h
-- Symlinking: /rvs_ws/install/robotvisionsystem_msgs/include/robotvisionsystem_msgs/robotvisionsystem_msgs/msg/rosidl_generator_c__visibility_control.h
-- Symlinking: /rvs_ws/install/robotvisionsystem_msgs/include/robotvisionsystem_msgs/robotvisionsystem_msgs/msg/state.h
-- Symlinking: /rvs_ws/install/robotvisionsystem_msgs/share/robotvisionsystem_msgs/environment/library_path.sh
-- Symlinking: /rvs_ws/install/robotvisionsystem_msgs/share/robotvisionsystem_msgs/environment/library_path.dsv
-- Symlinking: /rvs_ws/install/robotvisionsystem_msgs/include/robotvisionsystem_msgs/robotvisionsystem_msgs/msg/detail/motor__rosidl_typesupport_fastrtps_c.h
-- Symlinking: /rvs_ws/install/robotvisionsystem_msgs/include/robotvisionsystem_msgs/robotvisionsystem_msgs/msg/detail/ray__rosidl_typesupport_fastrtps_c.h
-- Symlinking: /rvs_ws/install/robotvisionsystem_msgs/include/robotvisionsystem_msgs/robotvisionsystem_msgs/msg/detail/state__rosidl_typesupport_fastrtps_c.h
-- Symlinking: /rvs_ws/install/robotvisionsystem_msgs/include/robotvisionsystem_msgs/robotvisionsystem_msgs/msg/rosidl_typesupport_fastrtps_c__visibility_control.h
-- Symlinking: /rvs_ws/install/robotvisionsystem_msgs/include/robotvisionsystem_msgs/robotvisionsystem_msgs/msg/detail/motor__rosidl_typesupport_introspection_c.h
-- Symlinking: /rvs_ws/install/robotvisionsystem_msgs/include/robotvisionsystem_msgs/robotvisionsystem_msgs/msg/detail/ray__rosidl_typesupport_introspection_c.h
-- Symlinking: /rvs_ws/install/robotvisionsystem_msgs/include/robotvisionsystem_msgs/robotvisionsystem_msgs/msg/detail/state__rosidl_typesupport_introspection_c.h
-- Symlinking: /rvs_ws/install/robotvisionsystem_msgs/include/robotvisionsystem_msgs/robotvisionsystem_msgs/msg/rosidl_typesupport_introspection_c__visibility_control.h
-- Symlinking: /rvs_ws/install/robotvisionsystem_msgs/include/robotvisionsystem_msgs/robotvisionsystem_msgs/msg/detail/motor__builder.hpp
-- Symlinking: /rvs_ws/install/robotvisionsystem_msgs/include/robotvisionsystem_msgs/robotvisionsystem_msgs/msg/detail/motor__struct.hpp
-- Symlinking: /rvs_ws/install/robotvisionsystem_msgs/include/robotvisionsystem_msgs/robotvisionsystem_msgs/msg/detail/motor__traits.hpp
-- Symlinking: /rvs_ws/install/robotvisionsystem_msgs/include/robotvisionsystem_msgs/robotvisionsystem_msgs/msg/detail/motor__type_support.hpp
-- Symlinking: /rvs_ws/install/robotvisionsystem_msgs/include/robotvisionsystem_msgs/robotvisionsystem_msgs/msg/detail/ray__builder.hpp
-- Symlinking: /rvs_ws/install/robotvisionsystem_msgs/include/robotvisionsystem_msgs/robotvisionsystem_msgs/msg/detail/ray__struct.hpp
-- Symlinking: /rvs_ws/install/robotvisionsystem_msgs/include/robotvisionsystem_msgs/robotvisionsystem_msgs/msg/detail/ray__traits.hpp
-- Symlinking: /rvs_ws/install/robotvisionsystem_msgs/include/robotvisionsystem_msgs/robotvisionsystem_msgs/msg/detail/ray__type_support.hpp
-- Symlinking: /rvs_ws/install/robotvisionsystem_msgs/include/robotvisionsystem_msgs/robotvisionsystem_msgs/msg/detail/state__builder.hpp
-- Symlinking: /rvs_ws/install/robotvisionsystem_msgs/include/robotvisionsystem_msgs/robotvisionsystem_msgs/msg/detail/state__struct.hpp
-- Symlinking: /rvs_ws/install/robotvisionsystem_msgs/include/robotvisionsystem_msgs/robotvisionsystem_msgs/msg/detail/state__traits.hpp
-- Symlinking: /rvs_ws/install/robotvisionsystem_msgs/include/robotvisionsystem_msgs/robotvisionsystem_msgs/msg/detail/state__type_support.hpp
-- Symlinking: /rvs_ws/install/robotvisionsystem_msgs/include/robotvisionsystem_msgs/robotvisionsystem_msgs/msg/motor.hpp
-- Symlinking: /rvs_ws/install/robotvisionsystem_msgs/include/robotvisionsystem_msgs/robotvisionsystem_msgs/msg/ray.hpp
-- Symlinking: /rvs_ws/install/robotvisionsystem_msgs/include/robotvisionsystem_msgs/robotvisionsystem_msgs/msg/rosidl_generator_cpp__visibility_control.hpp
-- Symlinking: /rvs_ws/install/robotvisionsystem_msgs/include/robotvisionsystem_msgs/robotvisionsystem_msgs/msg/state.hpp
-- Symlinking: /rvs_ws/install/robotvisionsystem_msgs/include/robotvisionsystem_msgs/robotvisionsystem_msgs/msg/detail/motor__rosidl_typesupport_fastrtps_cpp.hpp
-- Symlinking: /rvs_ws/install/robotvisionsystem_msgs/include/robotvisionsystem_msgs/robotvisionsystem_msgs/msg/detail/ray__rosidl_typesupport_fastrtps_cpp.hpp
-- Symlinking: /rvs_ws/install/robotvisionsystem_msgs/include/robotvisionsystem_msgs/robotvisionsystem_msgs/msg/detail/state__rosidl_typesupport_fastrtps_cpp.hpp
-- Symlinking: /rvs_ws/install/robotvisionsystem_msgs/include/robotvisionsystem_msgs/robotvisionsystem_msgs/msg/rosidl_typesupport_fastrtps_cpp__visibility_control.h
-- Symlinking: /rvs_ws/install/robotvisionsystem_msgs/include/robotvisionsystem_msgs/robotvisionsystem_msgs/msg/detail/motor__rosidl_typesupport_introspection_cpp.hpp
-- Symlinking: /rvs_ws/install/robotvisionsystem_msgs/include/robotvisionsystem_msgs/robotvisionsystem_msgs/msg/detail/ray__rosidl_typesupport_introspection_cpp.hpp
-- Symlinking: /rvs_ws/install/robotvisionsystem_msgs/include/robotvisionsystem_msgs/robotvisionsystem_msgs/msg/detail/state__rosidl_typesupport_introspection_cpp.hpp
-- Symlinking: /rvs_ws/install/robotvisionsystem_msgs/share/robotvisionsystem_msgs/environment/pythonpath.sh
-- Symlinking: /rvs_ws/install/robotvisionsystem_msgs/share/robotvisionsystem_msgs/environment/pythonpath.dsv
-- Symlinking: /rvs_ws/install/robotvisionsystem_msgs/local/lib/python3.10/dist-packages/robotvisionsystem_msgs-0.0.0-py3.10.egg-info/PKG-INFO
-- Symlinking: /rvs_ws/install/robotvisionsystem_msgs/local/lib/python3.10/dist-packages/robotvisionsystem_msgs-0.0.0-py3.10.egg-info/SOURCES.txt
-- Symlinking: /rvs_ws/install/robotvisionsystem_msgs/local/lib/python3.10/dist-packages/robotvisionsystem_msgs-0.0.0-py3.10.egg-info/dependency_links.txt
-- Symlinking: /rvs_ws/install/robotvisionsystem_msgs/local/lib/python3.10/dist-packages/robotvisionsystem_msgs-0.0.0-py3.10.egg-info/top_level.txt
-- Symlinking: /rvs_ws/install/robotvisionsystem_msgs/local/lib/python3.10/dist-packages/robotvisionsystem_msgs/__init__.py
-- Symlinking: /rvs_ws/install/robotvisionsystem_msgs/local/lib/python3.10/dist-packages/robotvisionsystem_msgs/_robotvisionsystem_msgs_s.ep.rosidl_typesupport_c.c
-- Symlinking: /rvs_ws/install/robotvisionsystem_msgs/local/lib/python3.10/dist-packages/robotvisionsystem_msgs/_robotvisionsystem_msgs_s.ep.rosidl_typesupport_fastrtps_c.c
-- Symlinking: /rvs_ws/install/robotvisionsystem_msgs/local/lib/python3.10/dist-packages/robotvisionsystem_msgs/_robotvisionsystem_msgs_s.ep.rosidl_typesupport_introspection_c.c
-- Symlinking: /rvs_ws/install/robotvisionsystem_msgs/local/lib/python3.10/dist-packages/robotvisionsystem_msgs/librobotvisionsystem_msgs__rosidl_generator_py.so
-- Symlinking: /rvs_ws/install/robotvisionsystem_msgs/local/lib/python3.10/dist-packages/robotvisionsystem_msgs/msg/__init__.py
-- Symlinking: /rvs_ws/install/robotvisionsystem_msgs/local/lib/python3.10/dist-packages/robotvisionsystem_msgs/msg/_motor.py
-- Symlinking: /rvs_ws/install/robotvisionsystem_msgs/local/lib/python3.10/dist-packages/robotvisionsystem_msgs/msg/_motor_s.c
-- Symlinking: /rvs_ws/install/robotvisionsystem_msgs/local/lib/python3.10/dist-packages/robotvisionsystem_msgs/msg/_ray.py
-- Symlinking: /rvs_ws/install/robotvisionsystem_msgs/local/lib/python3.10/dist-packages/robotvisionsystem_msgs/msg/_ray_s.c
-- Symlinking: /rvs_ws/install/robotvisionsystem_msgs/local/lib/python3.10/dist-packages/robotvisionsystem_msgs/msg/_state.py
-- Symlinking: /rvs_ws/install/robotvisionsystem_msgs/local/lib/python3.10/dist-packages/robotvisionsystem_msgs/msg/_state_s.c
-- Symlinking: /rvs_ws/install/robotvisionsystem_msgs/local/lib/python3.10/dist-packages/robotvisionsystem_msgs/robotvisionsystem_msgs_s__rosidl_typesupport_c.cpython-310-x86_64-linux-gnu.so
-- Symlinking: /rvs_ws/install/robotvisionsystem_msgs/local/lib/python3.10/dist-packages/robotvisionsystem_msgs/robotvisionsystem_msgs_s__rosidl_typesupport_fastrtps_c.cpython-310-x86_64-linux-gnu.so
-- Symlinking: /rvs_ws/install/robotvisionsystem_msgs/local/lib/python3.10/dist-packages/robotvisionsystem_msgs/robotvisionsystem_msgs_s__rosidl_typesupport_introspection_c.cpython-310-x86_64-linux-gnu.so
-- Up-to-date symlink: /rvs_ws/install/robotvisionsystem_msgs/local/lib/python3.10/dist-packages/robotvisionsystem_msgs/robotvisionsystem_msgs_s__rosidl_typesupport_fastrtps_c.cpython-310-x86_64-linux-gnu.so
-- Up-to-date symlink: /rvs_ws/install/robotvisionsystem_msgs/local/lib/python3.10/dist-packages/robotvisionsystem_msgs/robotvisionsystem_msgs_s__rosidl_typesupport_introspection_c.cpython-310-x86_64-linux-gnu.so
-- Up-to-date symlink: /rvs_ws/install/robotvisionsystem_msgs/local/lib/python3.10/dist-packages/robotvisionsystem_msgs/robotvisionsystem_msgs_s__rosidl_typesupport_c.cpython-310-x86_64-linux-gnu.so
-- Symlinking: /rvs_ws/install/robotvisionsystem_msgs/share/robotvisionsystem_msgs/msg/Motor.idl
-- Symlinking: /rvs_ws/install/robotvisionsystem_msgs/share/robotvisionsystem_msgs/msg/Ray.idl
-- Symlinking: /rvs_ws/install/robotvisionsystem_msgs/share/robotvisionsystem_msgs/msg/State.idl
-- Symlinking: /rvs_ws/install/robotvisionsystem_msgs/share/robotvisionsystem_msgs/msg/Motor.msg
-- Symlinking: /rvs_ws/install/robotvisionsystem_msgs/share/robotvisionsystem_msgs/msg/Ray.msg
-- Symlinking: /rvs_ws/install/robotvisionsystem_msgs/share/robotvisionsystem_msgs/msg/State.msg
-- Symlinking: /rvs_ws/install/robotvisionsystem_msgs/share/ament_index/resource_index/package_run_dependencies/robotvisionsystem_msgs
-- Symlinking: /rvs_ws/install/robotvisionsystem_msgs/share/ament_index/resource_index/parent_prefix_path/robotvisionsystem_msgs
-- Symlinking: /rvs_ws/install/robotvisionsystem_msgs/share/robotvisionsystem_msgs/environment/ament_prefix_path.sh
-- Symlinking: /rvs_ws/install/robotvisionsystem_msgs/share/robotvisionsystem_msgs/environment/ament_prefix_path.dsv
-- Symlinking: /rvs_ws/install/robotvisionsystem_msgs/share/robotvisionsystem_msgs/environment/path.sh
-- Symlinking: /rvs_ws/install/robotvisionsystem_msgs/share/robotvisionsystem_msgs/environment/path.dsv
-- Symlinking: /rvs_ws/install/robotvisionsystem_msgs/share/robotvisionsystem_msgs/local_setup.bash
-- Symlinking: /rvs_ws/install/robotvisionsystem_msgs/share/robotvisionsystem_msgs/local_setup.sh
-- Symlinking: /rvs_ws/install/robotvisionsystem_msgs/share/robotvisionsystem_msgs/local_setup.zsh
-- Symlinking: /rvs_ws/install/robotvisionsystem_msgs/share/robotvisionsystem_msgs/local_setup.dsv
-- Symlinking: /rvs_ws/install/robotvisionsystem_msgs/share/robotvisionsystem_msgs/package.dsv
-- Symlinking: /rvs_ws/install/robotvisionsystem_msgs/share/ament_index/resource_index/packages/robotvisionsystem_msgs
-- Symlinking: /rvs_ws/install/robotvisionsystem_msgs/share/robotvisionsystem_msgs/cmake/rosidl_cmake-extras.cmake
-- Symlinking: /rvs_ws/install/robotvisionsystem_msgs/share/robotvisionsystem_msgs/cmake/ament_cmake_export_include_directories-extras.cmake
-- Symlinking: /rvs_ws/install/robotvisionsystem_msgs/share/robotvisionsystem_msgs/cmake/ament_cmake_export_libraries-extras.cmake
-- Symlinking: /rvs_ws/install/robotvisionsystem_msgs/share/robotvisionsystem_msgs/cmake/ament_cmake_export_targets-extras.cmake
-- Symlinking: /rvs_ws/install/robotvisionsystem_msgs/share/robotvisionsystem_msgs/cmake/rosidl_cmake_export_typesupport_targets-extras.cmake
-- Symlinking: /rvs_ws/install/robotvisionsystem_msgs/share/robotvisionsystem_msgs/cmake/ament_cmake_export_dependencies-extras.cmake
-- Symlinking: /rvs_ws/install/robotvisionsystem_msgs/share/robotvisionsystem_msgs/cmake/rosidl_cmake_export_typesupport_libraries-extras.cmake
-- Symlinking: /rvs_ws/install/robotvisionsystem_msgs/share/robotvisionsystem_msgs/cmake/robotvisionsystem_msgsConfig.cmake
-- Symlinking: /rvs_ws/install/robotvisionsystem_msgs/share/robotvisionsystem_msgs/cmake/robotvisionsystem_msgsConfig-version.cmake
-- Symlinking: /rvs_ws/install/robotvisionsystem_msgs/share/robotvisionsystem_msgs/package.xml
-- Installing: /rvs_ws/install/robotvisionsystem_msgs/lib/librobotvisionsystem_msgs__rosidl_generator_c.so
-- Set runtime path of "/rvs_ws/install/robotvisionsystem_msgs/lib/librobotvisionsystem_msgs__rosidl_generator_c.so" to ""
-- Installing: /rvs_ws/install/robotvisionsystem_msgs/lib/librobotvisionsystem_msgs__rosidl_typesupport_fastrtps_c.so
-- Set runtime path of "/rvs_ws/install/robotvisionsystem_msgs/lib/librobotvisionsystem_msgs__rosidl_typesupport_fastrtps_c.so" to ""
-- Installing: /rvs_ws/install/robotvisionsystem_msgs/lib/librobotvisionsystem_msgs__rosidl_typesupport_introspection_c.so
-- Set runtime path of "/rvs_ws/install/robotvisionsystem_msgs/lib/librobotvisionsystem_msgs__rosidl_typesupport_introspection_c.so" to ""
-- Installing: /rvs_ws/install/robotvisionsystem_msgs/lib/librobotvisionsystem_msgs__rosidl_typesupport_c.so
-- Set runtime path of "/rvs_ws/install/robotvisionsystem_msgs/lib/librobotvisionsystem_msgs__rosidl_typesupport_c.so" to ""
-- Installing: /rvs_ws/install/robotvisionsystem_msgs/lib/librobotvisionsystem_msgs__rosidl_typesupport_fastrtps_cpp.so
-- Set runtime path of "/rvs_ws/install/robotvisionsystem_msgs/lib/librobotvisionsystem_msgs__rosidl_typesupport_fastrtps_cpp.so" to ""
-- Installing: /rvs_ws/install/robotvisionsystem_msgs/lib/librobotvisionsystem_msgs__rosidl_typesupport_introspection_cpp.so
-- Set runtime path of "/rvs_ws/install/robotvisionsystem_msgs/lib/librobotvisionsystem_msgs__rosidl_typesupport_introspection_cpp.so" to ""
-- Installing: /rvs_ws/install/robotvisionsystem_msgs/lib/librobotvisionsystem_msgs__rosidl_typesupport_cpp.so
-- Set runtime path of "/rvs_ws/install/robotvisionsystem_msgs/lib/librobotvisionsystem_msgs__rosidl_typesupport_cpp.so" to ""
Listing '/rvs_ws/install/robotvisionsystem_msgs/local/lib/python3.10/dist-packages/robotvisionsystem_msgs'...
Compiling '/rvs_ws/install/robotvisionsystem_msgs/local/lib/python3.10/dist-packages/robotvisionsystem_msgs/__init__.py'...
Listing '/rvs_ws/install/robotvisionsystem_msgs/local/lib/python3.10/dist-packages/robotvisionsystem_msgs/msg'...
Compiling '/rvs_ws/install/robotvisionsystem_msgs/local/lib/python3.10/dist-packages/robotvisionsystem_msgs/msg/__init__.py'...
Compiling '/rvs_ws/install/robotvisionsystem_msgs/local/lib/python3.10/dist-packages/robotvisionsystem_msgs/msg/_motor.py'...
Compiling '/rvs_ws/install/robotvisionsystem_msgs/local/lib/python3.10/dist-packages/robotvisionsystem_msgs/msg/_ray.py'...
Compiling '/rvs_ws/install/robotvisionsystem_msgs/local/lib/python3.10/dist-packages/robotvisionsystem_msgs/msg/_state.py'...
-- Installing: /rvs_ws/install/robotvisionsystem_msgs/lib/librobotvisionsystem_msgs__rosidl_generator_py.so
-- Set runtime path of "/rvs_ws/install/robotvisionsystem_msgs/lib/librobotvisionsystem_msgs__rosidl_generator_py.so" to ""
-- Installing: /rvs_ws/install/robotvisionsystem_msgs/share/robotvisionsystem_msgs/cmake/export_robotvisionsystem_msgs__rosidl_generator_cExport.cmake
-- Installing: /rvs_ws/install/robotvisionsystem_msgs/share/robotvisionsystem_msgs/cmake/export_robotvisionsystem_msgs__rosidl_generator_cExport-noconfig.cmake
-- Installing: /rvs_ws/install/robotvisionsystem_msgs/share/robotvisionsystem_msgs/cmake/export_robotvisionsystem_msgs__rosidl_typesupport_fastrtps_cExport.cmake
-- Installing: /rvs_ws/install/robotvisionsystem_msgs/share/robotvisionsystem_msgs/cmake/export_robotvisionsystem_msgs__rosidl_typesupport_fastrtps_cExport-noconfig.cmake
-- Installing: /rvs_ws/install/robotvisionsystem_msgs/share/robotvisionsystem_msgs/cmake/robotvisionsystem_msgs__rosidl_typesupport_introspection_cExport.cmake
-- Installing: /rvs_ws/install/robotvisionsystem_msgs/share/robotvisionsystem_msgs/cmake/robotvisionsystem_msgs__rosidl_typesupport_introspection_cExport-noconfig.cmake
-- Installing: /rvs_ws/install/robotvisionsystem_msgs/share/robotvisionsystem_msgs/cmake/robotvisionsystem_msgs__rosidl_typesupport_cExport.cmake
-- Installing: /rvs_ws/install/robotvisionsystem_msgs/share/robotvisionsystem_msgs/cmake/robotvisionsystem_msgs__rosidl_typesupport_cExport-noconfig.cmake
-- Installing: /rvs_ws/install/robotvisionsystem_msgs/share/robotvisionsystem_msgs/cmake/export_robotvisionsystem_msgs__rosidl_generator_cppExport.cmake
-- Installing: /rvs_ws/install/robotvisionsystem_msgs/share/robotvisionsystem_msgs/cmake/export_robotvisionsystem_msgs__rosidl_typesupport_fastrtps_cppExport.cmake
-- Installing: /rvs_ws/install/robotvisionsystem_msgs/share/robotvisionsystem_msgs/cmake/export_robotvisionsystem_msgs__rosidl_typesupport_fastrtps_cppExport-noconfig.cmake
-- Installing: /rvs_ws/install/robotvisionsystem_msgs/share/robotvisionsystem_msgs/cmake/robotvisionsystem_msgs__rosidl_typesupport_introspection_cppExport.cmake
-- Installing: /rvs_ws/install/robotvisionsystem_msgs/share/robotvisionsystem_msgs/cmake/robotvisionsystem_msgs__rosidl_typesupport_introspection_cppExport-noconfig.cmake
-- Installing: /rvs_ws/install/robotvisionsystem_msgs/share/robotvisionsystem_msgs/cmake/robotvisionsystem_msgs__rosidl_typesupport_cppExport.cmake
-- Installing: /rvs_ws/install/robotvisionsystem_msgs/share/robotvisionsystem_msgs/cmake/robotvisionsystem_msgs__rosidl_typesupport_cppExport-noconfig.cmake
-- Installing: /rvs_ws/install/robotvisionsystem_msgs/share/robotvisionsystem_msgs/cmake/export_robotvisionsystem_msgs__rosidl_generator_pyExport.cmake
-- Installing: /rvs_ws/install/robotvisionsystem_msgs/share/robotvisionsystem_msgs/cmake/export_robotvisionsystem_msgs__rosidl_generator_pyExport-noconfig.cmake
